<?xml version="1.0" encoding="UTF-8"?>
<TestRun id="afbcf4f8-5f0e-4d8a-b755-4c90ed0e2b5c" name="coola@NOTEBOOK-COOLA 2015-03-10 20:59:58" runUser="NOTEBOOK-COOLA\coola" xmlns="http://microsoft.com/schemas/VisualStudio/TeamTest/2010">
  <TestSettings name="Local" id="dae9df71-d300-401f-8367-061e4e710b1c">
    <Description>These are default test settings for a local test run.</Description>
    <Deployment enabled="false" runDeploymentRoot="coola_NOTEBOOK-COOLA 2015-03-10 20_59_58">
      <DeploymentItem filename="c:\documents and settings\coola\moje dokumenty\visual studio 2010\Projects\01_im_mniej_tym_lepiej_csharp\compress\bin\Debug\compress.dll" />
      <DeploymentItem filename="c:\documents and settings\coola\moje dokumenty\visual studio 2010\Projects\01_im_mniej_tym_lepiej_csharp\packages\NUnit.2.6.4\lib\nunit.framework.dll" />
    </Deployment>
    <Execution>
      <TestTypeSpecific />
      <AgentRule name="Execution Agents">
      </AgentRule>
    </Execution>
  </TestSettings>
  <Times creation="2015-03-10T20:59:58.5781250+01:00" queuing="2015-03-10T20:59:58.5937500+01:00" start="2015-03-10T20:59:58.6093750+01:00" finish="2015-03-10T21:00:07.9062500+01:00" />
  <ResultSummary outcome="Completed">
    <Counters total="4" executed="4" passed="4" error="0" failed="0" timeout="0" aborted="0" inconclusive="0" passedButRunAborted="0" notRunnable="0" notExecuted="0" disconnected="0" warning="0" completed="0" inProgress="0" pending="0" />
  </ResultSummary>
  <TestDefinitions>
    <UnitTest name="load_test_file_2" storage="c:\documents and settings\coola\moje dokumenty\visual studio 2010\projects\01_im_mniej_tym_lepiej_csharp\tests\bin\debug\tests.dll" id="b6fea724-3378-600e-cf2e-781a6f6a331b">
      <Execution id="ddc32195-f571-4eef-9e66-e1c1c98c8580" />
      <TestMethod codeBase="c:/documents and settings/coola/moje dokumenty/visual studio 2010/Projects/01_im_mniej_tym_lepiej_csharp/tests/bin/Debug/tests.DLL" adapterTypeName="Microsoft.VisualStudio.TestTools.TestTypes.Unit.UnitTestAdapter, Microsoft.VisualStudio.QualityTools.Tips.UnitTest.Adapter, Version=10.0.0.0, Culture=neutral, PublicKeyToken=b03f5f7f11d50a3a" className="tests.UnitTest1, tests, Version=1.0.0.0, Culture=neutral, PublicKeyToken=null" name="load_test_file_2" />
    </UnitTest>
    <UnitTest name="load_test_file_3" storage="c:\documents and settings\coola\moje dokumenty\visual studio 2010\projects\01_im_mniej_tym_lepiej_csharp\tests\bin\debug\tests.dll" id="88996431-512a-c025-e559-d875f3cbc868">
      <Execution id="645510ce-3e22-4939-be03-9ea15e17e048" />
      <TestMethod codeBase="c:/documents and settings/coola/moje dokumenty/visual studio 2010/Projects/01_im_mniej_tym_lepiej_csharp/tests/bin/Debug/tests.DLL" adapterTypeName="Microsoft.VisualStudio.TestTools.TestTypes.Unit.UnitTestAdapter, Microsoft.VisualStudio.QualityTools.Tips.UnitTest.Adapter, Version=10.0.0.0, Culture=neutral, PublicKeyToken=b03f5f7f11d50a3a" className="tests.UnitTest1, tests, Version=1.0.0.0, Culture=neutral, PublicKeyToken=null" name="load_test_file_3" />
    </UnitTest>
    <UnitTest name="load_test_file_1" storage="c:\documents and settings\coola\moje dokumenty\visual studio 2010\projects\01_im_mniej_tym_lepiej_csharp\tests\bin\debug\tests.dll" id="e12dbc16-d073-c1fd-969e-3d54726babcb">
      <Execution id="258e2184-86ca-4e09-be2e-e57d1009fd53" />
      <TestMethod codeBase="c:/documents and settings/coola/moje dokumenty/visual studio 2010/Projects/01_im_mniej_tym_lepiej_csharp/tests/bin/Debug/tests.DLL" adapterTypeName="Microsoft.VisualStudio.TestTools.TestTypes.Unit.UnitTestAdapter, Microsoft.VisualStudio.QualityTools.Tips.UnitTest.Adapter, Version=10.0.0.0, Culture=neutral, PublicKeyToken=b03f5f7f11d50a3a" className="tests.UnitTest1, tests, Version=1.0.0.0, Culture=neutral, PublicKeyToken=null" name="load_test_file_1" />
    </UnitTest>
    <UnitTest name="test_if_there_is_file_manager" storage="c:\documents and settings\coola\moje dokumenty\visual studio 2010\projects\01_im_mniej_tym_lepiej_csharp\tests\bin\debug\tests.dll" id="f64e556a-56f7-c473-1197-0b0e58cdc61a">
      <Execution id="8f8b2157-13a9-4f0f-b5f2-efcaba827f44" />
      <TestMethod codeBase="c:/documents and settings/coola/moje dokumenty/visual studio 2010/Projects/01_im_mniej_tym_lepiej_csharp/tests/bin/Debug/tests.DLL" adapterTypeName="Microsoft.VisualStudio.TestTools.TestTypes.Unit.UnitTestAdapter, Microsoft.VisualStudio.QualityTools.Tips.UnitTest.Adapter, Version=10.0.0.0, Culture=neutral, PublicKeyToken=b03f5f7f11d50a3a" className="tests.UnitTest1, tests, Version=1.0.0.0, Culture=neutral, PublicKeyToken=null" name="test_if_there_is_file_manager" />
    </UnitTest>
  </TestDefinitions>
  <TestLists>
    <TestList name="Results Not in a List" id="8c84fa94-04c1-424b-9868-57a2d4851a1d" />
    <TestList name="All Loaded Results" id="19431567-8539-422a-85d7-44ee4e166bda" />
  </TestLists>
  <TestEntries>
    <TestEntry testId="88996431-512a-c025-e559-d875f3cbc868" executionId="645510ce-3e22-4939-be03-9ea15e17e048" testListId="8c84fa94-04c1-424b-9868-57a2d4851a1d" />
    <TestEntry testId="b6fea724-3378-600e-cf2e-781a6f6a331b" executionId="ddc32195-f571-4eef-9e66-e1c1c98c8580" testListId="8c84fa94-04c1-424b-9868-57a2d4851a1d" />
    <TestEntry testId="e12dbc16-d073-c1fd-969e-3d54726babcb" executionId="258e2184-86ca-4e09-be2e-e57d1009fd53" testListId="8c84fa94-04c1-424b-9868-57a2d4851a1d" />
    <TestEntry testId="f64e556a-56f7-c473-1197-0b0e58cdc61a" executionId="8f8b2157-13a9-4f0f-b5f2-efcaba827f44" testListId="8c84fa94-04c1-424b-9868-57a2d4851a1d" />
  </TestEntries>
  <Results>
    <UnitTestResult executionId="645510ce-3e22-4939-be03-9ea15e17e048" testId="88996431-512a-c025-e559-d875f3cbc868" testName="load_test_file_3" computerName="NOTEBOOK-COOLA" duration="00:00:00.0470498" startTime="2015-03-10T20:59:58.6093750+01:00" endTime="2015-03-10T20:59:59.0312500+01:00" testType="13cdc9d9-ddb5-4fa4-a97d-d965ccfc6d4b" outcome="Passed" testListId="8c84fa94-04c1-424b-9868-57a2d4851a1d" relativeResultsDirectory="645510ce-3e22-4939-be03-9ea15e17e048">
    </UnitTestResult>
    <UnitTestResult executionId="ddc32195-f571-4eef-9e66-e1c1c98c8580" testId="b6fea724-3378-600e-cf2e-781a6f6a331b" testName="load_test_file_2" computerName="NOTEBOOK-COOLA" duration="00:00:00.0273833" startTime="2015-03-10T20:59:59.0312500+01:00" endTime="2015-03-10T20:59:59.0781250+01:00" testType="13cdc9d9-ddb5-4fa4-a97d-d965ccfc6d4b" outcome="Passed" testListId="8c84fa94-04c1-424b-9868-57a2d4851a1d" relativeResultsDirectory="ddc32195-f571-4eef-9e66-e1c1c98c8580">
    </UnitTestResult>
    <UnitTestResult executionId="258e2184-86ca-4e09-be2e-e57d1009fd53" testId="e12dbc16-d073-c1fd-969e-3d54726babcb" testName="load_test_file_1" computerName="NOTEBOOK-COOLA" duration="00:00:07.5181097" startTime="2015-03-10T20:59:59.0781250+01:00" endTime="2015-03-10T21:00:06.9062500+01:00" testType="13cdc9d9-ddb5-4fa4-a97d-d965ccfc6d4b" outcome="Passed" testListId="8c84fa94-04c1-424b-9868-57a2d4851a1d" relativeResultsDirectory="258e2184-86ca-4e09-be2e-e57d1009fd53">
    </UnitTestResult>
    <UnitTestResult executionId="8f8b2157-13a9-4f0f-b5f2-efcaba827f44" testId="f64e556a-56f7-c473-1197-0b0e58cdc61a" testName="test_if_there_is_file_manager" computerName="NOTEBOOK-COOLA" duration="00:00:00.0533844" startTime="2015-03-10T21:00:07.1093750+01:00" endTime="2015-03-10T21:00:07.5781250+01:00" testType="13cdc9d9-ddb5-4fa4-a97d-d965ccfc6d4b" outcome="Passed" testListId="8c84fa94-04c1-424b-9868-57a2d4851a1d" relativeResultsDirectory="8f8b2157-13a9-4f0f-b5f2-efcaba827f44">
    </UnitTestResult>
  </Results>
</TestRun>