<?xml version="1.0" encoding="UTF-8"?>
<TestRun id="cc26cf9e-061c-4d8d-affc-1075d7cf3d27" name="coola@NOTEBOOK-COOLA 2015-03-10 20:58:12" runUser="NOTEBOOK-COOLA\coola" xmlns="http://microsoft.com/schemas/VisualStudio/TeamTest/2010">
  <TestSettings name="Local" id="dae9df71-d300-401f-8367-061e4e710b1c">
    <Description>These are default test settings for a local test run.</Description>
    <Deployment enabled="false" runDeploymentRoot="coola_NOTEBOOK-COOLA 2015-03-10 20_58_12">
      <DeploymentItem filename="c:\documents and settings\coola\moje dokumenty\visual studio 2010\Projects\01_im_mniej_tym_lepiej_csharp\compress\bin\Debug\compress.dll" />
      <DeploymentItem filename="c:\documents and settings\coola\moje dokumenty\visual studio 2010\Projects\01_im_mniej_tym_lepiej_csharp\packages\NUnit.2.6.4\lib\nunit.framework.dll" />
    </Deployment>
    <Execution>
      <TestTypeSpecific />
      <AgentRule name="Execution Agents">
      </AgentRule>
    </Execution>
  </TestSettings>
  <Times creation="2015-03-10T20:58:12.2812500+01:00" queuing="2015-03-10T20:58:12.3437500+01:00" start="2015-03-10T20:58:12.4218750+01:00" finish="2015-03-10T20:58:12.8593750+01:00" />
  <ResultSummary outcome="Failed">
    <Counters total="2" executed="2" passed="1" error="0" failed="1" timeout="0" aborted="0" inconclusive="0" passedButRunAborted="0" notRunnable="0" notExecuted="0" disconnected="0" warning="0" completed="0" inProgress="0" pending="0" />
  </ResultSummary>
  <TestDefinitions>
    <UnitTest name="load_test_file" storage="c:\documents and settings\coola\moje dokumenty\visual studio 2010\projects\01_im_mniej_tym_lepiej_csharp\tests\bin\debug\tests.dll" id="cf614cc7-f898-2900-aa1b-de2c78e54612">
      <Execution id="483e75d9-e82f-475f-96bc-5da642fdd886" />
      <TestMethod codeBase="c:/documents and settings/coola/moje dokumenty/visual studio 2010/Projects/01_im_mniej_tym_lepiej_csharp/tests/bin/Debug/tests.DLL" adapterTypeName="Microsoft.VisualStudio.TestTools.TestTypes.Unit.UnitTestAdapter, Microsoft.VisualStudio.QualityTools.Tips.UnitTest.Adapter, Version=10.0.0.0, Culture=neutral, PublicKeyToken=b03f5f7f11d50a3a" className="tests.UnitTest1, tests, Version=1.0.0.0, Culture=neutral, PublicKeyToken=null" name="load_test_file" />
    </UnitTest>
    <UnitTest name="test_if_there_is_file_manager" storage="c:\documents and settings\coola\moje dokumenty\visual studio 2010\projects\01_im_mniej_tym_lepiej_csharp\tests\bin\debug\tests.dll" id="f64e556a-56f7-c473-1197-0b0e58cdc61a">
      <Execution id="b241d5d7-23a0-4baf-b40d-5a09a2cc4945" />
      <TestMethod codeBase="c:/documents and settings/coola/moje dokumenty/visual studio 2010/Projects/01_im_mniej_tym_lepiej_csharp/tests/bin/Debug/tests.DLL" adapterTypeName="Microsoft.VisualStudio.TestTools.TestTypes.Unit.UnitTestAdapter, Microsoft.VisualStudio.QualityTools.Tips.UnitTest.Adapter, Version=10.0.0.0, Culture=neutral, PublicKeyToken=b03f5f7f11d50a3a" className="tests.UnitTest1, tests, Version=1.0.0.0, Culture=neutral, PublicKeyToken=null" name="test_if_there_is_file_manager" />
    </UnitTest>
  </TestDefinitions>
  <TestLists>
    <TestList name="Results Not in a List" id="8c84fa94-04c1-424b-9868-57a2d4851a1d" />
    <TestList name="All Loaded Results" id="19431567-8539-422a-85d7-44ee4e166bda" />
  </TestLists>
  <TestEntries>
    <TestEntry testId="cf614cc7-f898-2900-aa1b-de2c78e54612" executionId="483e75d9-e82f-475f-96bc-5da642fdd886" testListId="8c84fa94-04c1-424b-9868-57a2d4851a1d" />
    <TestEntry testId="f64e556a-56f7-c473-1197-0b0e58cdc61a" executionId="b241d5d7-23a0-4baf-b40d-5a09a2cc4945" testListId="8c84fa94-04c1-424b-9868-57a2d4851a1d" />
  </TestEntries>
  <Results>
    <UnitTestResult executionId="483e75d9-e82f-475f-96bc-5da642fdd886" testId="cf614cc7-f898-2900-aa1b-de2c78e54612" testName="load_test_file" computerName="NOTEBOOK-COOLA" duration="00:00:00.0415558" startTime="2015-03-10T20:58:12.4375000+01:00" endTime="2015-03-10T20:58:12.8125000+01:00" testType="13cdc9d9-ddb5-4fa4-a97d-d965ccfc6d4b" outcome="Failed" testListId="8c84fa94-04c1-424b-9868-57a2d4851a1d" relativeResultsDirectory="483e75d9-e82f-475f-96bc-5da642fdd886">
      <Output>
        <ErrorInfo>
          <Message>Test method tests.UnitTest1.load_test_file threw exception: 
System.IO.FileNotFoundException: Could not find file 'c:\documents and settings\coola\moje dokumenty\visual studio 2010\Projects\01_im_mniej_tym_lepiej_csharp\TestResults\coola_NOTEBOOK-COOLA 2015-03-10 20_58_12\Out\Data1.txt'.</Message>
          <StackTrace>    at System.IO.__Error.WinIOError(Int32 errorCode, String maybeFullPath)
   at System.IO.FileStream.Init(String path, FileMode mode, FileAccess access, Int32 rights, Boolean useRights, FileShare share, Int32 bufferSize, FileOptions options, SECURITY_ATTRIBUTES secAttrs, String msgPath, Boolean bFromProxy, Boolean useLongPath)
   at System.IO.FileStream..ctor(String path, FileMode mode, FileAccess access, FileShare share, Int32 bufferSize, FileOptions options)
   at System.IO.StreamReader..ctor(String path, Encoding encoding, Boolean detectEncodingFromByteOrderMarks, Int32 bufferSize)
   at System.IO.StreamReader..ctor(String path, Encoding encoding)
   at System.IO.File.InternalReadAllLines(String path, Encoding encoding)
   at System.IO.File.ReadAllLines(String path)
   at tests.UnitTest1.load_test_file() in c:\documents and settings\coola\moje dokumenty\visual studio 2010\Projects\01_im_mniej_tym_lepiej_csharp\tests\UnitTest1.cs:line 30
</StackTrace>
        </ErrorInfo>
      </Output>
    </UnitTestResult>
    <UnitTestResult executionId="b241d5d7-23a0-4baf-b40d-5a09a2cc4945" testId="f64e556a-56f7-c473-1197-0b0e58cdc61a" testName="test_if_there_is_file_manager" computerName="NOTEBOOK-COOLA" duration="00:00:00.0114145" startTime="2015-03-10T20:58:12.8125000+01:00" endTime="2015-03-10T20:58:12.8281250+01:00" testType="13cdc9d9-ddb5-4fa4-a97d-d965ccfc6d4b" outcome="Passed" testListId="8c84fa94-04c1-424b-9868-57a2d4851a1d" relativeResultsDirectory="b241d5d7-23a0-4baf-b40d-5a09a2cc4945">
    </UnitTestResult>
  </Results>
</TestRun>