<?xml version="1.0" encoding="UTF-8"?>
<TestRun id="d89c29fa-0322-4a0f-abcc-8bf7154f177b" name="michal.kulinski@MW7O33T30CYID5 2015-03-12 11:02:58" runUser="DIR\michal.kulinski" xmlns="http://microsoft.com/schemas/VisualStudio/TeamTest/2010">
  <TestSettings name="Local" id="dae9df71-d300-401f-8367-061e4e710b1c">
    <Description>These are default test settings for a local test run.</Description>
    <Deployment enabled="false" runDeploymentRoot="michal.kulinski_MW7O33T30CYID5 2015-03-12 11_02_58">
      <DeploymentItem filename="C:\Users\michal.kulinski\Documents\Visual Studio 2010\Projects\01_im_mniej_tym_lepiej_csharp\compress\bin\Debug\compress.dll" />
      <DeploymentItem filename="C:\Users\michal.kulinski\Documents\Visual Studio 2010\Projects\01_im_mniej_tym_lepiej_csharp\packages\NUnit.2.6.4\lib\nunit.framework.dll" />
    </Deployment>
    <Execution>
      <TestTypeSpecific />
      <AgentRule name="Execution Agents">
      </AgentRule>
    </Execution>
  </TestSettings>
  <Times creation="2015-03-12T11:02:58.1433521+01:00" queuing="2015-03-12T11:02:59.7135091+01:00" start="2015-03-12T11:02:59.9905368+01:00" finish="2015-03-12T11:03:02.3807758+01:00" />
  <ResultSummary outcome="Completed">
    <Counters total="12" executed="12" passed="12" error="0" failed="0" timeout="0" aborted="0" inconclusive="0" passedButRunAborted="0" notRunnable="0" notExecuted="0" disconnected="0" warning="0" completed="0" inProgress="0" pending="0" />
  </ResultSummary>
  <TestDefinitions>
    <UnitTest name="test_if_there_is_file_manager" storage="c:\users\michal.kulinski\documents\visual studio 2010\projects\01_im_mniej_tym_lepiej_csharp\tests\bin\debug\tests.dll" id="f64e556a-56f7-c473-1197-0b0e58cdc61a">
      <Execution id="c7e55a0e-8c44-4479-af04-5b314c92dfaf" />
      <TestMethod codeBase="C:/Users/michal.kulinski/Documents/Visual Studio 2010/Projects/01_im_mniej_tym_lepiej_csharp/tests/bin/Debug/tests.DLL" adapterTypeName="Microsoft.VisualStudio.TestTools.TestTypes.Unit.UnitTestAdapter, Microsoft.VisualStudio.QualityTools.Tips.UnitTest.Adapter, Version=10.0.0.0, Culture=neutral, PublicKeyToken=b03f5f7f11d50a3a" className="tests.UnitTest1, tests, Version=1.0.0.0, Culture=neutral, PublicKeyToken=null" name="test_if_there_is_file_manager" />
    </UnitTest>
    <UnitTest name="load_test_file_4" storage="c:\users\michal.kulinski\documents\visual studio 2010\projects\01_im_mniej_tym_lepiej_csharp\tests\bin\debug\tests.dll" id="69fe3669-04d0-7adf-f2e7-27373def8b82">
      <Execution id="8851ce4f-8a96-4ecc-b42f-5adc250bb0f3" />
      <TestMethod codeBase="C:/Users/michal.kulinski/Documents/Visual Studio 2010/Projects/01_im_mniej_tym_lepiej_csharp/tests/bin/Debug/tests.DLL" adapterTypeName="Microsoft.VisualStudio.TestTools.TestTypes.Unit.UnitTestAdapter, Microsoft.VisualStudio.QualityTools.Tips.UnitTest.Adapter, Version=10.0.0.0, Culture=neutral, PublicKeyToken=b03f5f7f11d50a3a" className="tests.UnitTest1, tests, Version=1.0.0.0, Culture=neutral, PublicKeyToken=null" name="load_test_file_4" />
    </UnitTest>
    <UnitTest name="load_test_file_2" storage="c:\users\michal.kulinski\documents\visual studio 2010\projects\01_im_mniej_tym_lepiej_csharp\tests\bin\debug\tests.dll" id="b6fea724-3378-600e-cf2e-781a6f6a331b">
      <Execution id="53e03662-2b86-419a-b536-fee3b109d706" />
      <TestMethod codeBase="C:/Users/michal.kulinski/Documents/Visual Studio 2010/Projects/01_im_mniej_tym_lepiej_csharp/tests/bin/Debug/tests.DLL" adapterTypeName="Microsoft.VisualStudio.TestTools.TestTypes.Unit.UnitTestAdapter, Microsoft.VisualStudio.QualityTools.Tips.UnitTest.Adapter, Version=10.0.0.0, Culture=neutral, PublicKeyToken=b03f5f7f11d50a3a" className="tests.UnitTest1, tests, Version=1.0.0.0, Culture=neutral, PublicKeyToken=null" name="load_test_file_2" />
    </UnitTest>
    <UnitTest name="test_sgps_points_split_for_ints" storage="c:\users\michal.kulinski\documents\visual studio 2010\projects\01_im_mniej_tym_lepiej_csharp\tests\bin\debug\tests.dll" id="6434647f-d29f-9bf4-1421-30fbd0a9279f">
      <Execution id="184016ce-ca29-4539-9aed-ba362a5400e7" />
      <TestMethod codeBase="C:/Users/michal.kulinski/Documents/Visual Studio 2010/Projects/01_im_mniej_tym_lepiej_csharp/tests/bin/Debug/tests.DLL" adapterTypeName="Microsoft.VisualStudio.TestTools.TestTypes.Unit.UnitTestAdapter, Microsoft.VisualStudio.QualityTools.Tips.UnitTest.Adapter, Version=10.0.0.0, Culture=neutral, PublicKeyToken=b03f5f7f11d50a3a" className="tests.UnitTest1, tests, Version=1.0.0.0, Culture=neutral, PublicKeyToken=null" name="test_sgps_points_split_for_ints" />
    </UnitTest>
    <UnitTest name="test_convert_data_into_points_2" storage="c:\users\michal.kulinski\documents\visual studio 2010\projects\01_im_mniej_tym_lepiej_csharp\tests\bin\debug\tests.dll" id="2d9bafed-550a-d0bb-d61f-ceed617b0785">
      <Execution id="9385444f-d855-46a6-87ba-a9d4389caec6" />
      <TestMethod codeBase="C:/Users/michal.kulinski/Documents/Visual Studio 2010/Projects/01_im_mniej_tym_lepiej_csharp/tests/bin/Debug/tests.DLL" adapterTypeName="Microsoft.VisualStudio.TestTools.TestTypes.Unit.UnitTestAdapter, Microsoft.VisualStudio.QualityTools.Tips.UnitTest.Adapter, Version=10.0.0.0, Culture=neutral, PublicKeyToken=b03f5f7f11d50a3a" className="tests.UnitTest1, tests, Version=1.0.0.0, Culture=neutral, PublicKeyToken=null" name="test_convert_data_into_points_2" />
    </UnitTest>
    <UnitTest name="load_test_file_1" storage="c:\users\michal.kulinski\documents\visual studio 2010\projects\01_im_mniej_tym_lepiej_csharp\tests\bin\debug\tests.dll" id="e12dbc16-d073-c1fd-969e-3d54726babcb">
      <Execution id="0572b2a0-7f53-4b9d-9a6c-312cecd71a5d" />
      <TestMethod codeBase="C:/Users/michal.kulinski/Documents/Visual Studio 2010/Projects/01_im_mniej_tym_lepiej_csharp/tests/bin/Debug/tests.DLL" adapterTypeName="Microsoft.VisualStudio.TestTools.TestTypes.Unit.UnitTestAdapter, Microsoft.VisualStudio.QualityTools.Tips.UnitTest.Adapter, Version=10.0.0.0, Culture=neutral, PublicKeyToken=b03f5f7f11d50a3a" className="tests.UnitTest1, tests, Version=1.0.0.0, Culture=neutral, PublicKeyToken=null" name="load_test_file_1" />
    </UnitTest>
    <UnitTest name="test_strings_length" storage="c:\users\michal.kulinski\documents\visual studio 2010\projects\01_im_mniej_tym_lepiej_csharp\tests\bin\debug\tests.dll" id="c28d656b-9110-65f7-713f-4f8f29798f6d">
      <Execution id="b040261b-6c5f-4d6e-b524-817b2a26844c" />
      <TestMethod codeBase="C:/Users/michal.kulinski/Documents/Visual Studio 2010/Projects/01_im_mniej_tym_lepiej_csharp/tests/bin/Debug/tests.DLL" adapterTypeName="Microsoft.VisualStudio.TestTools.TestTypes.Unit.UnitTestAdapter, Microsoft.VisualStudio.QualityTools.Tips.UnitTest.Adapter, Version=10.0.0.0, Culture=neutral, PublicKeyToken=b03f5f7f11d50a3a" className="tests.UnitTest1, tests, Version=1.0.0.0, Culture=neutral, PublicKeyToken=null" name="test_strings_length" />
    </UnitTest>
    <UnitTest name="test_convert_data_into_points_1" storage="c:\users\michal.kulinski\documents\visual studio 2010\projects\01_im_mniej_tym_lepiej_csharp\tests\bin\debug\tests.dll" id="18bc8675-5b98-8dc9-4781-f01bc294fb08">
      <Execution id="9f58d8f5-601d-4846-885f-fa1bbcff5e29" />
      <TestMethod codeBase="C:/Users/michal.kulinski/Documents/Visual Studio 2010/Projects/01_im_mniej_tym_lepiej_csharp/tests/bin/Debug/tests.DLL" adapterTypeName="Microsoft.VisualStudio.TestTools.TestTypes.Unit.UnitTestAdapter, Microsoft.VisualStudio.QualityTools.Tips.UnitTest.Adapter, Version=10.0.0.0, Culture=neutral, PublicKeyToken=b03f5f7f11d50a3a" className="tests.UnitTest1, tests, Version=1.0.0.0, Culture=neutral, PublicKeyToken=null" name="test_convert_data_into_points_1" />
    </UnitTest>
    <UnitTest name="test_first_compression_attempt_2" storage="c:\users\michal.kulinski\documents\visual studio 2010\projects\01_im_mniej_tym_lepiej_csharp\tests\bin\debug\tests.dll" id="20a33ffc-e253-b2d4-7570-f5c40d3d67ff">
      <Execution id="0c850279-73a2-4d8b-a113-1f3f46f354e5" />
      <TestMethod codeBase="C:/Users/michal.kulinski/Documents/Visual Studio 2010/Projects/01_im_mniej_tym_lepiej_csharp/tests/bin/Debug/tests.DLL" adapterTypeName="Microsoft.VisualStudio.TestTools.TestTypes.Unit.UnitTestAdapter, Microsoft.VisualStudio.QualityTools.Tips.UnitTest.Adapter, Version=10.0.0.0, Culture=neutral, PublicKeyToken=b03f5f7f11d50a3a" className="tests.UnitTest1, tests, Version=1.0.0.0, Culture=neutral, PublicKeyToken=null" name="test_first_compression_attempt_2" />
    </UnitTest>
    <UnitTest name="test_first_compression_attempt_1" storage="c:\users\michal.kulinski\documents\visual studio 2010\projects\01_im_mniej_tym_lepiej_csharp\tests\bin\debug\tests.dll" id="922af538-3d37-8213-10f8-9db25ab442bb">
      <Execution id="c2c07635-5e96-4936-a155-b88c7b66bd05" />
      <TestMethod codeBase="C:/Users/michal.kulinski/Documents/Visual Studio 2010/Projects/01_im_mniej_tym_lepiej_csharp/tests/bin/Debug/tests.DLL" adapterTypeName="Microsoft.VisualStudio.TestTools.TestTypes.Unit.UnitTestAdapter, Microsoft.VisualStudio.QualityTools.Tips.UnitTest.Adapter, Version=10.0.0.0, Culture=neutral, PublicKeyToken=b03f5f7f11d50a3a" className="tests.UnitTest1, tests, Version=1.0.0.0, Culture=neutral, PublicKeyToken=null" name="test_first_compression_attempt_1" />
    </UnitTest>
    <UnitTest name="load_test_file_3" storage="c:\users\michal.kulinski\documents\visual studio 2010\projects\01_im_mniej_tym_lepiej_csharp\tests\bin\debug\tests.dll" id="88996431-512a-c025-e559-d875f3cbc868">
      <Execution id="627147c8-7134-4dc4-be2d-f584f1c30eed" />
      <TestMethod codeBase="C:/Users/michal.kulinski/Documents/Visual Studio 2010/Projects/01_im_mniej_tym_lepiej_csharp/tests/bin/Debug/tests.DLL" adapterTypeName="Microsoft.VisualStudio.TestTools.TestTypes.Unit.UnitTestAdapter, Microsoft.VisualStudio.QualityTools.Tips.UnitTest.Adapter, Version=10.0.0.0, Culture=neutral, PublicKeyToken=b03f5f7f11d50a3a" className="tests.UnitTest1, tests, Version=1.0.0.0, Culture=neutral, PublicKeyToken=null" name="load_test_file_3" />
    </UnitTest>
    <UnitTest name="test_first_compression_attempt_3" storage="c:\users\michal.kulinski\documents\visual studio 2010\projects\01_im_mniej_tym_lepiej_csharp\tests\bin\debug\tests.dll" id="369a1279-2b6b-ba8f-f75a-73bca69e9035">
      <Execution id="1686e51f-85b6-4207-aa61-5f97bea4f1fb" />
      <TestMethod codeBase="C:/Users/michal.kulinski/Documents/Visual Studio 2010/Projects/01_im_mniej_tym_lepiej_csharp/tests/bin/Debug/tests.DLL" adapterTypeName="Microsoft.VisualStudio.TestTools.TestTypes.Unit.UnitTestAdapter, Microsoft.VisualStudio.QualityTools.Tips.UnitTest.Adapter, Version=10.0.0.0, Culture=neutral, PublicKeyToken=b03f5f7f11d50a3a" className="tests.UnitTest1, tests, Version=1.0.0.0, Culture=neutral, PublicKeyToken=null" name="test_first_compression_attempt_3" />
    </UnitTest>
  </TestDefinitions>
  <TestLists>
    <TestList name="Results Not in a List" id="8c84fa94-04c1-424b-9868-57a2d4851a1d" />
    <TestList name="All Loaded Results" id="19431567-8539-422a-85d7-44ee4e166bda" />
  </TestLists>
  <TestEntries>
    <TestEntry testId="18bc8675-5b98-8dc9-4781-f01bc294fb08" executionId="9f58d8f5-601d-4846-885f-fa1bbcff5e29" testListId="8c84fa94-04c1-424b-9868-57a2d4851a1d" />
    <TestEntry testId="20a33ffc-e253-b2d4-7570-f5c40d3d67ff" executionId="0c850279-73a2-4d8b-a113-1f3f46f354e5" testListId="8c84fa94-04c1-424b-9868-57a2d4851a1d" />
    <TestEntry testId="2d9bafed-550a-d0bb-d61f-ceed617b0785" executionId="9385444f-d855-46a6-87ba-a9d4389caec6" testListId="8c84fa94-04c1-424b-9868-57a2d4851a1d" />
    <TestEntry testId="369a1279-2b6b-ba8f-f75a-73bca69e9035" executionId="1686e51f-85b6-4207-aa61-5f97bea4f1fb" testListId="8c84fa94-04c1-424b-9868-57a2d4851a1d" />
    <TestEntry testId="6434647f-d29f-9bf4-1421-30fbd0a9279f" executionId="184016ce-ca29-4539-9aed-ba362a5400e7" testListId="8c84fa94-04c1-424b-9868-57a2d4851a1d" />
    <TestEntry testId="69fe3669-04d0-7adf-f2e7-27373def8b82" executionId="8851ce4f-8a96-4ecc-b42f-5adc250bb0f3" testListId="8c84fa94-04c1-424b-9868-57a2d4851a1d" />
    <TestEntry testId="88996431-512a-c025-e559-d875f3cbc868" executionId="627147c8-7134-4dc4-be2d-f584f1c30eed" testListId="8c84fa94-04c1-424b-9868-57a2d4851a1d" />
    <TestEntry testId="922af538-3d37-8213-10f8-9db25ab442bb" executionId="c2c07635-5e96-4936-a155-b88c7b66bd05" testListId="8c84fa94-04c1-424b-9868-57a2d4851a1d" />
    <TestEntry testId="b6fea724-3378-600e-cf2e-781a6f6a331b" executionId="53e03662-2b86-419a-b536-fee3b109d706" testListId="8c84fa94-04c1-424b-9868-57a2d4851a1d" />
    <TestEntry testId="c28d656b-9110-65f7-713f-4f8f29798f6d" executionId="b040261b-6c5f-4d6e-b524-817b2a26844c" testListId="8c84fa94-04c1-424b-9868-57a2d4851a1d" />
    <TestEntry testId="e12dbc16-d073-c1fd-969e-3d54726babcb" executionId="0572b2a0-7f53-4b9d-9a6c-312cecd71a5d" testListId="8c84fa94-04c1-424b-9868-57a2d4851a1d" />
    <TestEntry testId="f64e556a-56f7-c473-1197-0b0e58cdc61a" executionId="c7e55a0e-8c44-4479-af04-5b314c92dfaf" testListId="8c84fa94-04c1-424b-9868-57a2d4851a1d" />
  </TestEntries>
  <Results>
    <UnitTestResult executionId="9f58d8f5-601d-4846-885f-fa1bbcff5e29" testId="18bc8675-5b98-8dc9-4781-f01bc294fb08" testName="test_convert_data_into_points_1" computerName="MW7O33T30CYID5" duration="00:00:00.0475679" startTime="2015-03-12T11:03:00.2045582+01:00" endTime="2015-03-12T11:03:00.5845962+01:00" testType="13cdc9d9-ddb5-4fa4-a97d-d965ccfc6d4b" outcome="Passed" testListId="8c84fa94-04c1-424b-9868-57a2d4851a1d" relativeResultsDirectory="9f58d8f5-601d-4846-885f-fa1bbcff5e29">
    </UnitTestResult>
    <UnitTestResult executionId="0c850279-73a2-4d8b-a113-1f3f46f354e5" testId="20a33ffc-e253-b2d4-7570-f5c40d3d67ff" testName="test_first_compression_attempt_2" computerName="MW7O33T30CYID5" duration="00:00:00.0073607" startTime="2015-03-12T11:03:00.6085986+01:00" endTime="2015-03-12T11:03:00.6195997+01:00" testType="13cdc9d9-ddb5-4fa4-a97d-d965ccfc6d4b" outcome="Passed" testListId="8c84fa94-04c1-424b-9868-57a2d4851a1d" relativeResultsDirectory="0c850279-73a2-4d8b-a113-1f3f46f354e5">
    </UnitTestResult>
    <UnitTestResult executionId="9385444f-d855-46a6-87ba-a9d4389caec6" testId="2d9bafed-550a-d0bb-d61f-ceed617b0785" testName="test_convert_data_into_points_2" computerName="MW7O33T30CYID5" duration="00:00:00.0054042" startTime="2015-03-12T11:03:00.6226000+01:00" endTime="2015-03-12T11:03:00.6376015+01:00" testType="13cdc9d9-ddb5-4fa4-a97d-d965ccfc6d4b" outcome="Passed" testListId="8c84fa94-04c1-424b-9868-57a2d4851a1d" relativeResultsDirectory="9385444f-d855-46a6-87ba-a9d4389caec6">
    </UnitTestResult>
    <UnitTestResult executionId="1686e51f-85b6-4207-aa61-5f97bea4f1fb" testId="369a1279-2b6b-ba8f-f75a-73bca69e9035" testName="test_first_compression_attempt_3" computerName="MW7O33T30CYID5" duration="00:00:00.0003119" startTime="2015-03-12T11:03:00.6426020+01:00" endTime="2015-03-12T11:03:00.6476025+01:00" testType="13cdc9d9-ddb5-4fa4-a97d-d965ccfc6d4b" outcome="Passed" testListId="8c84fa94-04c1-424b-9868-57a2d4851a1d" relativeResultsDirectory="1686e51f-85b6-4207-aa61-5f97bea4f1fb">
    </UnitTestResult>
    <UnitTestResult executionId="184016ce-ca29-4539-9aed-ba362a5400e7" testId="6434647f-d29f-9bf4-1421-30fbd0a9279f" testName="test_sgps_points_split_for_ints" computerName="MW7O33T30CYID5" duration="00:00:00.0051091" startTime="2015-03-12T11:03:00.6586036+01:00" endTime="2015-03-12T11:03:00.6666044+01:00" testType="13cdc9d9-ddb5-4fa4-a97d-d965ccfc6d4b" outcome="Passed" testListId="8c84fa94-04c1-424b-9868-57a2d4851a1d" relativeResultsDirectory="184016ce-ca29-4539-9aed-ba362a5400e7">
    </UnitTestResult>
    <UnitTestResult executionId="8851ce4f-8a96-4ecc-b42f-5adc250bb0f3" testId="69fe3669-04d0-7adf-f2e7-27373def8b82" testName="load_test_file_4" computerName="MW7O33T30CYID5" duration="00:00:00.0108003" startTime="2015-03-12T11:03:00.6706048+01:00" endTime="2015-03-12T11:03:00.6916069+01:00" testType="13cdc9d9-ddb5-4fa4-a97d-d965ccfc6d4b" outcome="Passed" testListId="8c84fa94-04c1-424b-9868-57a2d4851a1d" relativeResultsDirectory="8851ce4f-8a96-4ecc-b42f-5adc250bb0f3">
    </UnitTestResult>
    <UnitTestResult executionId="627147c8-7134-4dc4-be2d-f584f1c30eed" testId="88996431-512a-c025-e559-d875f3cbc868" testName="load_test_file_3" computerName="MW7O33T30CYID5" duration="00:00:00.0575031" startTime="2015-03-12T11:03:00.7076085+01:00" endTime="2015-03-12T11:03:00.7806158+01:00" testType="13cdc9d9-ddb5-4fa4-a97d-d965ccfc6d4b" outcome="Passed" testListId="8c84fa94-04c1-424b-9868-57a2d4851a1d" relativeResultsDirectory="627147c8-7134-4dc4-be2d-f584f1c30eed">
    </UnitTestResult>
    <UnitTestResult executionId="c2c07635-5e96-4936-a155-b88c7b66bd05" testId="922af538-3d37-8213-10f8-9db25ab442bb" testName="test_first_compression_attempt_1" computerName="MW7O33T30CYID5" duration="00:00:00.0016996" startTime="2015-03-12T11:03:00.7846162+01:00" endTime="2015-03-12T11:03:00.7896167+01:00" testType="13cdc9d9-ddb5-4fa4-a97d-d965ccfc6d4b" outcome="Passed" testListId="8c84fa94-04c1-424b-9868-57a2d4851a1d" relativeResultsDirectory="c2c07635-5e96-4936-a155-b88c7b66bd05">
    </UnitTestResult>
    <UnitTestResult executionId="53e03662-2b86-419a-b536-fee3b109d706" testId="b6fea724-3378-600e-cf2e-781a6f6a331b" testName="load_test_file_2" computerName="MW7O33T30CYID5" duration="00:00:00.0354231" startTime="2015-03-12T11:03:00.8006178+01:00" endTime="2015-03-12T11:03:00.8426220+01:00" testType="13cdc9d9-ddb5-4fa4-a97d-d965ccfc6d4b" outcome="Passed" testListId="8c84fa94-04c1-424b-9868-57a2d4851a1d" relativeResultsDirectory="53e03662-2b86-419a-b536-fee3b109d706">
    </UnitTestResult>
    <UnitTestResult executionId="b040261b-6c5f-4d6e-b524-817b2a26844c" testId="c28d656b-9110-65f7-713f-4f8f29798f6d" testName="test_strings_length" computerName="MW7O33T30CYID5" duration="00:00:00.0025016" startTime="2015-03-12T11:03:00.8546232+01:00" endTime="2015-03-12T11:03:00.8676245+01:00" testType="13cdc9d9-ddb5-4fa4-a97d-d965ccfc6d4b" outcome="Passed" testListId="8c84fa94-04c1-424b-9868-57a2d4851a1d" relativeResultsDirectory="b040261b-6c5f-4d6e-b524-817b2a26844c">
    </UnitTestResult>
    <UnitTestResult executionId="0572b2a0-7f53-4b9d-9a6c-312cecd71a5d" testId="e12dbc16-d073-c1fd-969e-3d54726babcb" testName="load_test_file_1" computerName="MW7O33T30CYID5" duration="00:00:01.3764667" startTime="2015-03-12T11:03:00.8766254+01:00" endTime="2015-03-12T11:03:02.2587636+01:00" testType="13cdc9d9-ddb5-4fa4-a97d-d965ccfc6d4b" outcome="Passed" testListId="8c84fa94-04c1-424b-9868-57a2d4851a1d" relativeResultsDirectory="0572b2a0-7f53-4b9d-9a6c-312cecd71a5d">
    </UnitTestResult>
    <UnitTestResult executionId="c7e55a0e-8c44-4479-af04-5b314c92dfaf" testId="f64e556a-56f7-c473-1197-0b0e58cdc61a" testName="test_if_there_is_file_manager" computerName="MW7O33T30CYID5" duration="00:00:00.0002795" startTime="2015-03-12T11:03:02.2607638+01:00" endTime="2015-03-12T11:03:02.2657643+01:00" testType="13cdc9d9-ddb5-4fa4-a97d-d965ccfc6d4b" outcome="Passed" testListId="8c84fa94-04c1-424b-9868-57a2d4851a1d" relativeResultsDirectory="c7e55a0e-8c44-4479-af04-5b314c92dfaf">
    </UnitTestResult>
  </Results>
</TestRun>