<?xml version="1.0" encoding="UTF-8"?>
<TestRun id="ea8d8d0e-8234-4a15-8e63-73fd7c9d319f" name="michal.kulinski@MW7O33T30CYID5 2015-03-12 11:03:17" runUser="DIR\michal.kulinski" xmlns="http://microsoft.com/schemas/VisualStudio/TeamTest/2010">
  <TestSettings name="Local" id="dae9df71-d300-401f-8367-061e4e710b1c">
    <Description>These are default test settings for a local test run.</Description>
    <Deployment enabled="false" runDeploymentRoot="michal.kulinski_MW7O33T30CYID5 2015-03-12 11_03_17">
      <DeploymentItem filename="C:\Users\michal.kulinski\Documents\Visual Studio 2010\Projects\01_im_mniej_tym_lepiej_csharp\compress\bin\Debug\compress.dll" />
      <DeploymentItem filename="C:\Users\michal.kulinski\Documents\Visual Studio 2010\Projects\01_im_mniej_tym_lepiej_csharp\packages\NUnit.2.6.4\lib\nunit.framework.dll" />
    </Deployment>
    <Execution>
      <TestTypeSpecific />
      <AgentRule name="Execution Agents">
      </AgentRule>
    </Execution>
  </TestSettings>
  <Times creation="2015-03-12T11:03:17.6663042+01:00" queuing="2015-03-12T11:03:17.7283104+01:00" start="2015-03-12T11:03:17.7353111+01:00" finish="2015-03-12T11:03:18.7644140+01:00" />
  <ResultSummary outcome="Completed">
    <Counters total="1" executed="1" passed="1" error="0" failed="0" timeout="0" aborted="0" inconclusive="0" passedButRunAborted="0" notRunnable="0" notExecuted="0" disconnected="0" warning="0" completed="0" inProgress="0" pending="0" />
  </ResultSummary>
  <TestDefinitions>
    <UnitTest name="load_test_file_1" storage="c:\users\michal.kulinski\documents\visual studio 2010\projects\01_im_mniej_tym_lepiej_csharp\tests\bin\debug\tests.dll" id="e12dbc16-d073-c1fd-969e-3d54726babcb">
      <Execution id="8d0772a7-203b-47e8-9baf-de857ffa8e22" />
      <TestMethod codeBase="C:/Users/michal.kulinski/Documents/Visual Studio 2010/Projects/01_im_mniej_tym_lepiej_csharp/tests/bin/Debug/tests.DLL" adapterTypeName="Microsoft.VisualStudio.TestTools.TestTypes.Unit.UnitTestAdapter, Microsoft.VisualStudio.QualityTools.Tips.UnitTest.Adapter, Version=10.0.0.0, Culture=neutral, PublicKeyToken=b03f5f7f11d50a3a" className="tests.UnitTest1, tests, Version=1.0.0.0, Culture=neutral, PublicKeyToken=null" name="load_test_file_1" />
    </UnitTest>
  </TestDefinitions>
  <TestLists>
    <TestList name="Results Not in a List" id="8c84fa94-04c1-424b-9868-57a2d4851a1d" />
    <TestList name="All Loaded Results" id="19431567-8539-422a-85d7-44ee4e166bda" />
  </TestLists>
  <TestEntries>
    <TestEntry testId="e12dbc16-d073-c1fd-969e-3d54726babcb" executionId="8d0772a7-203b-47e8-9baf-de857ffa8e22" testListId="8c84fa94-04c1-424b-9868-57a2d4851a1d" />
  </TestEntries>
  <Results>
    <UnitTestResult executionId="8d0772a7-203b-47e8-9baf-de857ffa8e22" testId="e12dbc16-d073-c1fd-969e-3d54726babcb" testName="load_test_file_1" computerName="MW7O33T30CYID5" duration="00:00:00.6897400" startTime="2015-03-12T11:03:17.7923168+01:00" endTime="2015-03-12T11:03:18.7294105+01:00" testType="13cdc9d9-ddb5-4fa4-a97d-d965ccfc6d4b" outcome="Passed" testListId="8c84fa94-04c1-424b-9868-57a2d4851a1d" relativeResultsDirectory="8d0772a7-203b-47e8-9baf-de857ffa8e22">
    </UnitTestResult>
  </Results>
</TestRun>