<?xml version="1.0" encoding="UTF-8"?>
<TestRun id="cee7ade9-50a9-46aa-874a-5aea9a9103e7" name="michal.kulinski@MW7O33T30CYID5 2015-03-12 12:35:50" runUser="DIR\michal.kulinski" xmlns="http://microsoft.com/schemas/VisualStudio/TeamTest/2010">
  <TestSettings name="Local" id="dae9df71-d300-401f-8367-061e4e710b1c">
    <Description>These are default test settings for a local test run.</Description>
    <Deployment enabled="false" runDeploymentRoot="michal.kulinski_MW7O33T30CYID5 2015-03-12 12_35_50">
      <DeploymentItem filename="C:\Users\michal.kulinski\Documents\Visual Studio 2010\Projects\01_im_mniej_tym_lepiej_csharp\packages\NUnit.2.6.4\lib\nunit.framework.dll" />
      <DeploymentItem filename="C:\Users\michal.kulinski\Documents\Visual Studio 2010\Projects\01_im_mniej_tym_lepiej_csharp\compress\bin\Release\compress.dll" />
    </Deployment>
    <Execution>
      <TestTypeSpecific />
      <AgentRule name="Execution Agents">
      </AgentRule>
    </Execution>
  </TestSettings>
  <Times creation="2015-03-12T12:35:50.3255146+01:00" queuing="2015-03-12T12:35:51.4026223+01:00" start="2015-03-12T12:35:51.6466467+01:00" finish="2015-03-12T12:36:01.4196239+01:00" />
  <ResultSummary outcome="Completed">
    <Counters total="19" executed="19" passed="19" error="0" failed="0" timeout="0" aborted="0" inconclusive="0" passedButRunAborted="0" notRunnable="0" notExecuted="0" disconnected="0" warning="0" completed="0" inProgress="0" pending="0" />
  </ResultSummary>
  <TestDefinitions>
    <UnitTest name="test_if_there_is_file_manager" storage="c:\users\michal.kulinski\documents\visual studio 2010\projects\01_im_mniej_tym_lepiej_csharp\tests\bin\release\tests.dll" id="f64e556a-56f7-c473-1197-0b0e58cdc61a">
      <Execution id="09596ef0-6845-4529-ac77-94b31fd0c348" />
      <TestMethod codeBase="C:/Users/michal.kulinski/Documents/Visual Studio 2010/Projects/01_im_mniej_tym_lepiej_csharp/tests/bin/Release/tests.DLL" adapterTypeName="Microsoft.VisualStudio.TestTools.TestTypes.Unit.UnitTestAdapter, Microsoft.VisualStudio.QualityTools.Tips.UnitTest.Adapter, Version=10.0.0.0, Culture=neutral, PublicKeyToken=b03f5f7f11d50a3a" className="tests.UnitTest1, tests, Version=1.0.0.0, Culture=neutral, PublicKeyToken=null" name="test_if_there_is_file_manager" />
    </UnitTest>
    <UnitTest name="load_test_file_3" storage="c:\users\michal.kulinski\documents\visual studio 2010\projects\01_im_mniej_tym_lepiej_csharp\tests\bin\release\tests.dll" id="88996431-512a-c025-e559-d875f3cbc868">
      <Execution id="458e4115-cc00-4dc9-80a0-2baab7d79393" />
      <TestMethod codeBase="C:/Users/michal.kulinski/Documents/Visual Studio 2010/Projects/01_im_mniej_tym_lepiej_csharp/tests/bin/Release/tests.DLL" adapterTypeName="Microsoft.VisualStudio.TestTools.TestTypes.Unit.UnitTestAdapter, Microsoft.VisualStudio.QualityTools.Tips.UnitTest.Adapter, Version=10.0.0.0, Culture=neutral, PublicKeyToken=b03f5f7f11d50a3a" className="tests.UnitTest1, tests, Version=1.0.0.0, Culture=neutral, PublicKeyToken=null" name="load_test_file_3" />
    </UnitTest>
    <UnitTest name="load_test_file_1" storage="c:\users\michal.kulinski\documents\visual studio 2010\projects\01_im_mniej_tym_lepiej_csharp\tests\bin\release\tests.dll" id="e12dbc16-d073-c1fd-969e-3d54726babcb">
      <Execution id="c6df9bf9-ad42-4446-b01c-fd0de6cc2cd5" />
      <TestMethod codeBase="C:/Users/michal.kulinski/Documents/Visual Studio 2010/Projects/01_im_mniej_tym_lepiej_csharp/tests/bin/Release/tests.DLL" adapterTypeName="Microsoft.VisualStudio.TestTools.TestTypes.Unit.UnitTestAdapter, Microsoft.VisualStudio.QualityTools.Tips.UnitTest.Adapter, Version=10.0.0.0, Culture=neutral, PublicKeyToken=b03f5f7f11d50a3a" className="tests.UnitTest1, tests, Version=1.0.0.0, Culture=neutral, PublicKeyToken=null" name="load_test_file_1" />
    </UnitTest>
    <UnitTest name="test_first_compression_attempt_1" storage="c:\users\michal.kulinski\documents\visual studio 2010\projects\01_im_mniej_tym_lepiej_csharp\tests\bin\release\tests.dll" id="922af538-3d37-8213-10f8-9db25ab442bb">
      <Execution id="8935e3e9-76ec-46d9-b56d-ec721019e09e" />
      <TestMethod codeBase="C:/Users/michal.kulinski/Documents/Visual Studio 2010/Projects/01_im_mniej_tym_lepiej_csharp/tests/bin/Release/tests.DLL" adapterTypeName="Microsoft.VisualStudio.TestTools.TestTypes.Unit.UnitTestAdapter, Microsoft.VisualStudio.QualityTools.Tips.UnitTest.Adapter, Version=10.0.0.0, Culture=neutral, PublicKeyToken=b03f5f7f11d50a3a" className="tests.UnitTest1, tests, Version=1.0.0.0, Culture=neutral, PublicKeyToken=null" name="test_first_compression_attempt_1" />
    </UnitTest>
    <UnitTest name="test_first_compression_attempt_6" storage="c:\users\michal.kulinski\documents\visual studio 2010\projects\01_im_mniej_tym_lepiej_csharp\tests\bin\release\tests.dll" id="449b3010-eb39-9a73-d20a-663e595b28c7">
      <Execution id="f0b77307-7490-4667-8d64-fd56cdce5138" />
      <TestMethod codeBase="C:/Users/michal.kulinski/Documents/Visual Studio 2010/Projects/01_im_mniej_tym_lepiej_csharp/tests/bin/Release/tests.DLL" adapterTypeName="Microsoft.VisualStudio.TestTools.TestTypes.Unit.UnitTestAdapter, Microsoft.VisualStudio.QualityTools.Tips.UnitTest.Adapter, Version=10.0.0.0, Culture=neutral, PublicKeyToken=b03f5f7f11d50a3a" className="tests.UnitTest1, tests, Version=1.0.0.0, Culture=neutral, PublicKeyToken=null" name="test_first_compression_attempt_6" />
    </UnitTest>
    <UnitTest name="test_first_compression_file_attempt_1" storage="c:\users\michal.kulinski\documents\visual studio 2010\projects\01_im_mniej_tym_lepiej_csharp\tests\bin\release\tests.dll" id="5305d187-bd09-40b8-e921-018513121807">
      <Execution id="0c3e9ef3-8060-4d0e-bcab-1c9640a2865e" />
      <TestMethod codeBase="C:/Users/michal.kulinski/Documents/Visual Studio 2010/Projects/01_im_mniej_tym_lepiej_csharp/tests/bin/Release/tests.DLL" adapterTypeName="Microsoft.VisualStudio.TestTools.TestTypes.Unit.UnitTestAdapter, Microsoft.VisualStudio.QualityTools.Tips.UnitTest.Adapter, Version=10.0.0.0, Culture=neutral, PublicKeyToken=b03f5f7f11d50a3a" className="tests.UnitTest1, tests, Version=1.0.0.0, Culture=neutral, PublicKeyToken=null" name="test_first_compression_file_attempt_1" />
    </UnitTest>
    <UnitTest name="test_first_compression_attempt_2" storage="c:\users\michal.kulinski\documents\visual studio 2010\projects\01_im_mniej_tym_lepiej_csharp\tests\bin\release\tests.dll" id="20a33ffc-e253-b2d4-7570-f5c40d3d67ff">
      <Execution id="1fddbe1c-b47e-4839-a824-73c848572295" />
      <TestMethod codeBase="C:/Users/michal.kulinski/Documents/Visual Studio 2010/Projects/01_im_mniej_tym_lepiej_csharp/tests/bin/Release/tests.DLL" adapterTypeName="Microsoft.VisualStudio.TestTools.TestTypes.Unit.UnitTestAdapter, Microsoft.VisualStudio.QualityTools.Tips.UnitTest.Adapter, Version=10.0.0.0, Culture=neutral, PublicKeyToken=b03f5f7f11d50a3a" className="tests.UnitTest1, tests, Version=1.0.0.0, Culture=neutral, PublicKeyToken=null" name="test_first_compression_attempt_2" />
    </UnitTest>
    <UnitTest name="load_test_file_2" storage="c:\users\michal.kulinski\documents\visual studio 2010\projects\01_im_mniej_tym_lepiej_csharp\tests\bin\release\tests.dll" id="b6fea724-3378-600e-cf2e-781a6f6a331b">
      <Execution id="db65fcbc-11b1-4438-aa7a-118d071a5f50" />
      <TestMethod codeBase="C:/Users/michal.kulinski/Documents/Visual Studio 2010/Projects/01_im_mniej_tym_lepiej_csharp/tests/bin/Release/tests.DLL" adapterTypeName="Microsoft.VisualStudio.TestTools.TestTypes.Unit.UnitTestAdapter, Microsoft.VisualStudio.QualityTools.Tips.UnitTest.Adapter, Version=10.0.0.0, Culture=neutral, PublicKeyToken=b03f5f7f11d50a3a" className="tests.UnitTest1, tests, Version=1.0.0.0, Culture=neutral, PublicKeyToken=null" name="load_test_file_2" />
    </UnitTest>
    <UnitTest name="test_convert_data_into_points_1" storage="c:\users\michal.kulinski\documents\visual studio 2010\projects\01_im_mniej_tym_lepiej_csharp\tests\bin\release\tests.dll" id="18bc8675-5b98-8dc9-4781-f01bc294fb08">
      <Execution id="2908c29a-d437-4485-abae-91ad5afe7a85" />
      <TestMethod codeBase="C:/Users/michal.kulinski/Documents/Visual Studio 2010/Projects/01_im_mniej_tym_lepiej_csharp/tests/bin/Release/tests.DLL" adapterTypeName="Microsoft.VisualStudio.TestTools.TestTypes.Unit.UnitTestAdapter, Microsoft.VisualStudio.QualityTools.Tips.UnitTest.Adapter, Version=10.0.0.0, Culture=neutral, PublicKeyToken=b03f5f7f11d50a3a" className="tests.UnitTest1, tests, Version=1.0.0.0, Culture=neutral, PublicKeyToken=null" name="test_convert_data_into_points_1" />
    </UnitTest>
    <UnitTest name="load_test_file_4" storage="c:\users\michal.kulinski\documents\visual studio 2010\projects\01_im_mniej_tym_lepiej_csharp\tests\bin\release\tests.dll" id="69fe3669-04d0-7adf-f2e7-27373def8b82">
      <Execution id="f47b5475-c24f-493a-9141-52640e4c0f7d" />
      <TestMethod codeBase="C:/Users/michal.kulinski/Documents/Visual Studio 2010/Projects/01_im_mniej_tym_lepiej_csharp/tests/bin/Release/tests.DLL" adapterTypeName="Microsoft.VisualStudio.TestTools.TestTypes.Unit.UnitTestAdapter, Microsoft.VisualStudio.QualityTools.Tips.UnitTest.Adapter, Version=10.0.0.0, Culture=neutral, PublicKeyToken=b03f5f7f11d50a3a" className="tests.UnitTest1, tests, Version=1.0.0.0, Culture=neutral, PublicKeyToken=null" name="load_test_file_4" />
    </UnitTest>
    <UnitTest name="test_first_compression_attempt_4" storage="c:\users\michal.kulinski\documents\visual studio 2010\projects\01_im_mniej_tym_lepiej_csharp\tests\bin\release\tests.dll" id="5fc6b115-8499-0a96-cec7-5b0cad79c82e">
      <Execution id="659d0821-264c-42ce-bacc-0c382ac4c461" />
      <TestMethod codeBase="C:/Users/michal.kulinski/Documents/Visual Studio 2010/Projects/01_im_mniej_tym_lepiej_csharp/tests/bin/Release/tests.DLL" adapterTypeName="Microsoft.VisualStudio.TestTools.TestTypes.Unit.UnitTestAdapter, Microsoft.VisualStudio.QualityTools.Tips.UnitTest.Adapter, Version=10.0.0.0, Culture=neutral, PublicKeyToken=b03f5f7f11d50a3a" className="tests.UnitTest1, tests, Version=1.0.0.0, Culture=neutral, PublicKeyToken=null" name="test_first_compression_attempt_4" />
    </UnitTest>
    <UnitTest name="test_strings_length" storage="c:\users\michal.kulinski\documents\visual studio 2010\projects\01_im_mniej_tym_lepiej_csharp\tests\bin\release\tests.dll" id="c28d656b-9110-65f7-713f-4f8f29798f6d">
      <Execution id="a559db8c-2e7b-4990-b3da-e3c1b4717cb7" />
      <TestMethod codeBase="C:/Users/michal.kulinski/Documents/Visual Studio 2010/Projects/01_im_mniej_tym_lepiej_csharp/tests/bin/Release/tests.DLL" adapterTypeName="Microsoft.VisualStudio.TestTools.TestTypes.Unit.UnitTestAdapter, Microsoft.VisualStudio.QualityTools.Tips.UnitTest.Adapter, Version=10.0.0.0, Culture=neutral, PublicKeyToken=b03f5f7f11d50a3a" className="tests.UnitTest1, tests, Version=1.0.0.0, Culture=neutral, PublicKeyToken=null" name="test_strings_length" />
    </UnitTest>
    <UnitTest name="test_convert_data_into_points_2" storage="c:\users\michal.kulinski\documents\visual studio 2010\projects\01_im_mniej_tym_lepiej_csharp\tests\bin\release\tests.dll" id="2d9bafed-550a-d0bb-d61f-ceed617b0785">
      <Execution id="3cd7b7b3-a361-4fb5-bd76-0921cd8bdd9c" />
      <TestMethod codeBase="C:/Users/michal.kulinski/Documents/Visual Studio 2010/Projects/01_im_mniej_tym_lepiej_csharp/tests/bin/Release/tests.DLL" adapterTypeName="Microsoft.VisualStudio.TestTools.TestTypes.Unit.UnitTestAdapter, Microsoft.VisualStudio.QualityTools.Tips.UnitTest.Adapter, Version=10.0.0.0, Culture=neutral, PublicKeyToken=b03f5f7f11d50a3a" className="tests.UnitTest1, tests, Version=1.0.0.0, Culture=neutral, PublicKeyToken=null" name="test_convert_data_into_points_2" />
    </UnitTest>
    <UnitTest name="test_first_compression_attempt_9" storage="c:\users\michal.kulinski\documents\visual studio 2010\projects\01_im_mniej_tym_lepiej_csharp\tests\bin\release\tests.dll" id="a54818e6-bb5d-ed2a-3c9f-cc608d99d87e">
      <Execution id="8fe90f95-280e-4c1e-ab4b-7e74bbd88846" />
      <TestMethod codeBase="C:/Users/michal.kulinski/Documents/Visual Studio 2010/Projects/01_im_mniej_tym_lepiej_csharp/tests/bin/Release/tests.DLL" adapterTypeName="Microsoft.VisualStudio.TestTools.TestTypes.Unit.UnitTestAdapter, Microsoft.VisualStudio.QualityTools.Tips.UnitTest.Adapter, Version=10.0.0.0, Culture=neutral, PublicKeyToken=b03f5f7f11d50a3a" className="tests.UnitTest1, tests, Version=1.0.0.0, Culture=neutral, PublicKeyToken=null" name="test_first_compression_attempt_9" />
    </UnitTest>
    <UnitTest name="test_first_compression_attempt_5" storage="c:\users\michal.kulinski\documents\visual studio 2010\projects\01_im_mniej_tym_lepiej_csharp\tests\bin\release\tests.dll" id="69cd3087-17aa-ebde-4ce2-4bdc1579a806">
      <Execution id="716db120-bcbe-4730-abb7-3ae9e8bd7b2a" />
      <TestMethod codeBase="C:/Users/michal.kulinski/Documents/Visual Studio 2010/Projects/01_im_mniej_tym_lepiej_csharp/tests/bin/Release/tests.DLL" adapterTypeName="Microsoft.VisualStudio.TestTools.TestTypes.Unit.UnitTestAdapter, Microsoft.VisualStudio.QualityTools.Tips.UnitTest.Adapter, Version=10.0.0.0, Culture=neutral, PublicKeyToken=b03f5f7f11d50a3a" className="tests.UnitTest1, tests, Version=1.0.0.0, Culture=neutral, PublicKeyToken=null" name="test_first_compression_attempt_5" />
    </UnitTest>
    <UnitTest name="test_first_compression_attempt_7" storage="c:\users\michal.kulinski\documents\visual studio 2010\projects\01_im_mniej_tym_lepiej_csharp\tests\bin\release\tests.dll" id="fc74dc1b-978c-0685-e750-c380564492c0">
      <Execution id="84b0ec2c-16e9-4b70-a611-719fbaf34b3c" />
      <TestMethod codeBase="C:/Users/michal.kulinski/Documents/Visual Studio 2010/Projects/01_im_mniej_tym_lepiej_csharp/tests/bin/Release/tests.DLL" adapterTypeName="Microsoft.VisualStudio.TestTools.TestTypes.Unit.UnitTestAdapter, Microsoft.VisualStudio.QualityTools.Tips.UnitTest.Adapter, Version=10.0.0.0, Culture=neutral, PublicKeyToken=b03f5f7f11d50a3a" className="tests.UnitTest1, tests, Version=1.0.0.0, Culture=neutral, PublicKeyToken=null" name="test_first_compression_attempt_7" />
    </UnitTest>
    <UnitTest name="test_first_compression_attempt_8" storage="c:\users\michal.kulinski\documents\visual studio 2010\projects\01_im_mniej_tym_lepiej_csharp\tests\bin\release\tests.dll" id="76c8798c-727b-1125-03e0-7951b321da84">
      <Execution id="ebbd19c0-f2ee-4846-9f7a-86ddae71c6bc" />
      <TestMethod codeBase="C:/Users/michal.kulinski/Documents/Visual Studio 2010/Projects/01_im_mniej_tym_lepiej_csharp/tests/bin/Release/tests.DLL" adapterTypeName="Microsoft.VisualStudio.TestTools.TestTypes.Unit.UnitTestAdapter, Microsoft.VisualStudio.QualityTools.Tips.UnitTest.Adapter, Version=10.0.0.0, Culture=neutral, PublicKeyToken=b03f5f7f11d50a3a" className="tests.UnitTest1, tests, Version=1.0.0.0, Culture=neutral, PublicKeyToken=null" name="test_first_compression_attempt_8" />
    </UnitTest>
    <UnitTest name="test_sgps_points_split_for_ints" storage="c:\users\michal.kulinski\documents\visual studio 2010\projects\01_im_mniej_tym_lepiej_csharp\tests\bin\release\tests.dll" id="6434647f-d29f-9bf4-1421-30fbd0a9279f">
      <Execution id="efc1578e-bf54-4003-aa47-1c45b90b59e9" />
      <TestMethod codeBase="C:/Users/michal.kulinski/Documents/Visual Studio 2010/Projects/01_im_mniej_tym_lepiej_csharp/tests/bin/Release/tests.DLL" adapterTypeName="Microsoft.VisualStudio.TestTools.TestTypes.Unit.UnitTestAdapter, Microsoft.VisualStudio.QualityTools.Tips.UnitTest.Adapter, Version=10.0.0.0, Culture=neutral, PublicKeyToken=b03f5f7f11d50a3a" className="tests.UnitTest1, tests, Version=1.0.0.0, Culture=neutral, PublicKeyToken=null" name="test_sgps_points_split_for_ints" />
    </UnitTest>
    <UnitTest name="test_first_compression_attempt_3" storage="c:\users\michal.kulinski\documents\visual studio 2010\projects\01_im_mniej_tym_lepiej_csharp\tests\bin\release\tests.dll" id="369a1279-2b6b-ba8f-f75a-73bca69e9035">
      <Execution id="80820e90-a882-40a4-9cc9-94ad54c5250f" />
      <TestMethod codeBase="C:/Users/michal.kulinski/Documents/Visual Studio 2010/Projects/01_im_mniej_tym_lepiej_csharp/tests/bin/Release/tests.DLL" adapterTypeName="Microsoft.VisualStudio.TestTools.TestTypes.Unit.UnitTestAdapter, Microsoft.VisualStudio.QualityTools.Tips.UnitTest.Adapter, Version=10.0.0.0, Culture=neutral, PublicKeyToken=b03f5f7f11d50a3a" className="tests.UnitTest1, tests, Version=1.0.0.0, Culture=neutral, PublicKeyToken=null" name="test_first_compression_attempt_3" />
    </UnitTest>
  </TestDefinitions>
  <TestLists>
    <TestList name="Results Not in a List" id="8c84fa94-04c1-424b-9868-57a2d4851a1d" />
    <TestList name="All Loaded Results" id="19431567-8539-422a-85d7-44ee4e166bda" />
  </TestLists>
  <TestEntries>
    <TestEntry testId="18bc8675-5b98-8dc9-4781-f01bc294fb08" executionId="2908c29a-d437-4485-abae-91ad5afe7a85" testListId="8c84fa94-04c1-424b-9868-57a2d4851a1d" />
    <TestEntry testId="20a33ffc-e253-b2d4-7570-f5c40d3d67ff" executionId="1fddbe1c-b47e-4839-a824-73c848572295" testListId="8c84fa94-04c1-424b-9868-57a2d4851a1d" />
    <TestEntry testId="2d9bafed-550a-d0bb-d61f-ceed617b0785" executionId="3cd7b7b3-a361-4fb5-bd76-0921cd8bdd9c" testListId="8c84fa94-04c1-424b-9868-57a2d4851a1d" />
    <TestEntry testId="369a1279-2b6b-ba8f-f75a-73bca69e9035" executionId="80820e90-a882-40a4-9cc9-94ad54c5250f" testListId="8c84fa94-04c1-424b-9868-57a2d4851a1d" />
    <TestEntry testId="449b3010-eb39-9a73-d20a-663e595b28c7" executionId="f0b77307-7490-4667-8d64-fd56cdce5138" testListId="8c84fa94-04c1-424b-9868-57a2d4851a1d" />
    <TestEntry testId="5305d187-bd09-40b8-e921-018513121807" executionId="0c3e9ef3-8060-4d0e-bcab-1c9640a2865e" testListId="8c84fa94-04c1-424b-9868-57a2d4851a1d" />
    <TestEntry testId="5fc6b115-8499-0a96-cec7-5b0cad79c82e" executionId="659d0821-264c-42ce-bacc-0c382ac4c461" testListId="8c84fa94-04c1-424b-9868-57a2d4851a1d" />
    <TestEntry testId="6434647f-d29f-9bf4-1421-30fbd0a9279f" executionId="efc1578e-bf54-4003-aa47-1c45b90b59e9" testListId="8c84fa94-04c1-424b-9868-57a2d4851a1d" />
    <TestEntry testId="69cd3087-17aa-ebde-4ce2-4bdc1579a806" executionId="716db120-bcbe-4730-abb7-3ae9e8bd7b2a" testListId="8c84fa94-04c1-424b-9868-57a2d4851a1d" />
    <TestEntry testId="69fe3669-04d0-7adf-f2e7-27373def8b82" executionId="f47b5475-c24f-493a-9141-52640e4c0f7d" testListId="8c84fa94-04c1-424b-9868-57a2d4851a1d" />
    <TestEntry testId="76c8798c-727b-1125-03e0-7951b321da84" executionId="ebbd19c0-f2ee-4846-9f7a-86ddae71c6bc" testListId="8c84fa94-04c1-424b-9868-57a2d4851a1d" />
    <TestEntry testId="88996431-512a-c025-e559-d875f3cbc868" executionId="458e4115-cc00-4dc9-80a0-2baab7d79393" testListId="8c84fa94-04c1-424b-9868-57a2d4851a1d" />
    <TestEntry testId="922af538-3d37-8213-10f8-9db25ab442bb" executionId="8935e3e9-76ec-46d9-b56d-ec721019e09e" testListId="8c84fa94-04c1-424b-9868-57a2d4851a1d" />
    <TestEntry testId="a54818e6-bb5d-ed2a-3c9f-cc608d99d87e" executionId="8fe90f95-280e-4c1e-ab4b-7e74bbd88846" testListId="8c84fa94-04c1-424b-9868-57a2d4851a1d" />
    <TestEntry testId="b6fea724-3378-600e-cf2e-781a6f6a331b" executionId="db65fcbc-11b1-4438-aa7a-118d071a5f50" testListId="8c84fa94-04c1-424b-9868-57a2d4851a1d" />
    <TestEntry testId="c28d656b-9110-65f7-713f-4f8f29798f6d" executionId="a559db8c-2e7b-4990-b3da-e3c1b4717cb7" testListId="8c84fa94-04c1-424b-9868-57a2d4851a1d" />
    <TestEntry testId="e12dbc16-d073-c1fd-969e-3d54726babcb" executionId="c6df9bf9-ad42-4446-b01c-fd0de6cc2cd5" testListId="8c84fa94-04c1-424b-9868-57a2d4851a1d" />
    <TestEntry testId="f64e556a-56f7-c473-1197-0b0e58cdc61a" executionId="09596ef0-6845-4529-ac77-94b31fd0c348" testListId="8c84fa94-04c1-424b-9868-57a2d4851a1d" />
    <TestEntry testId="fc74dc1b-978c-0685-e750-c380564492c0" executionId="84b0ec2c-16e9-4b70-a611-719fbaf34b3c" testListId="8c84fa94-04c1-424b-9868-57a2d4851a1d" />
  </TestEntries>
  <Results>
    <UnitTestResult executionId="2908c29a-d437-4485-abae-91ad5afe7a85" testId="18bc8675-5b98-8dc9-4781-f01bc294fb08" testName="test_convert_data_into_points_1" computerName="MW7O33T30CYID5" duration="00:00:00.0180096" startTime="2015-03-12T12:35:51.7316552+01:00" endTime="2015-03-12T12:35:51.9916812+01:00" testType="13cdc9d9-ddb5-4fa4-a97d-d965ccfc6d4b" outcome="Passed" testListId="8c84fa94-04c1-424b-9868-57a2d4851a1d" relativeResultsDirectory="2908c29a-d437-4485-abae-91ad5afe7a85">
    </UnitTestResult>
    <UnitTestResult executionId="1fddbe1c-b47e-4839-a824-73c848572295" testId="20a33ffc-e253-b2d4-7570-f5c40d3d67ff" testName="test_first_compression_attempt_2" computerName="MW7O33T30CYID5" duration="00:00:00.0042218" startTime="2015-03-12T12:35:51.9966817+01:00" endTime="2015-03-12T12:35:52.0036824+01:00" testType="13cdc9d9-ddb5-4fa4-a97d-d965ccfc6d4b" outcome="Passed" testListId="8c84fa94-04c1-424b-9868-57a2d4851a1d" relativeResultsDirectory="1fddbe1c-b47e-4839-a824-73c848572295">
    </UnitTestResult>
    <UnitTestResult executionId="3cd7b7b3-a361-4fb5-bd76-0921cd8bdd9c" testId="2d9bafed-550a-d0bb-d61f-ceed617b0785" testName="test_convert_data_into_points_2" computerName="MW7O33T30CYID5" duration="00:00:00.0006412" startTime="2015-03-12T12:35:52.0246845+01:00" endTime="2015-03-12T12:35:52.0286849+01:00" testType="13cdc9d9-ddb5-4fa4-a97d-d965ccfc6d4b" outcome="Passed" testListId="8c84fa94-04c1-424b-9868-57a2d4851a1d" relativeResultsDirectory="3cd7b7b3-a361-4fb5-bd76-0921cd8bdd9c">
    </UnitTestResult>
    <UnitTestResult executionId="80820e90-a882-40a4-9cc9-94ad54c5250f" testId="369a1279-2b6b-ba8f-f75a-73bca69e9035" testName="test_first_compression_attempt_3" computerName="MW7O33T30CYID5" duration="00:00:00.0003072" startTime="2015-03-12T12:35:52.0336854+01:00" endTime="2015-03-12T12:35:52.0366857+01:00" testType="13cdc9d9-ddb5-4fa4-a97d-d965ccfc6d4b" outcome="Passed" testListId="8c84fa94-04c1-424b-9868-57a2d4851a1d" relativeResultsDirectory="80820e90-a882-40a4-9cc9-94ad54c5250f">
    </UnitTestResult>
    <UnitTestResult executionId="f0b77307-7490-4667-8d64-fd56cdce5138" testId="449b3010-eb39-9a73-d20a-663e595b28c7" testName="test_first_compression_attempt_6" computerName="MW7O33T30CYID5" duration="00:00:00.0010101" startTime="2015-03-12T12:35:52.0386859+01:00" endTime="2015-03-12T12:35:52.0416862+01:00" testType="13cdc9d9-ddb5-4fa4-a97d-d965ccfc6d4b" outcome="Passed" testListId="8c84fa94-04c1-424b-9868-57a2d4851a1d" relativeResultsDirectory="f0b77307-7490-4667-8d64-fd56cdce5138">
    </UnitTestResult>
    <UnitTestResult executionId="0c3e9ef3-8060-4d0e-bcab-1c9640a2865e" testId="5305d187-bd09-40b8-e921-018513121807" testName="test_first_compression_file_attempt_1" computerName="MW7O33T30CYID5" duration="00:00:08.4898945" startTime="2015-03-12T12:35:52.0446865+01:00" endTime="2015-03-12T12:36:00.5375357+01:00" testType="13cdc9d9-ddb5-4fa4-a97d-d965ccfc6d4b" outcome="Passed" testListId="8c84fa94-04c1-424b-9868-57a2d4851a1d" relativeResultsDirectory="0c3e9ef3-8060-4d0e-bcab-1c9640a2865e">
    </UnitTestResult>
    <UnitTestResult executionId="659d0821-264c-42ce-bacc-0c382ac4c461" testId="5fc6b115-8499-0a96-cec7-5b0cad79c82e" testName="test_first_compression_attempt_4" computerName="MW7O33T30CYID5" duration="00:00:00.0003430" startTime="2015-03-12T12:36:00.5435363+01:00" endTime="2015-03-12T12:36:00.5485368+01:00" testType="13cdc9d9-ddb5-4fa4-a97d-d965ccfc6d4b" outcome="Passed" testListId="8c84fa94-04c1-424b-9868-57a2d4851a1d" relativeResultsDirectory="659d0821-264c-42ce-bacc-0c382ac4c461">
    </UnitTestResult>
    <UnitTestResult executionId="efc1578e-bf54-4003-aa47-1c45b90b59e9" testId="6434647f-d29f-9bf4-1421-30fbd0a9279f" testName="test_sgps_points_split_for_ints" computerName="MW7O33T30CYID5" duration="00:00:00.0006981" startTime="2015-03-12T12:36:00.5515371+01:00" endTime="2015-03-12T12:36:00.5545374+01:00" testType="13cdc9d9-ddb5-4fa4-a97d-d965ccfc6d4b" outcome="Passed" testListId="8c84fa94-04c1-424b-9868-57a2d4851a1d" relativeResultsDirectory="efc1578e-bf54-4003-aa47-1c45b90b59e9">
    </UnitTestResult>
    <UnitTestResult executionId="716db120-bcbe-4730-abb7-3ae9e8bd7b2a" testId="69cd3087-17aa-ebde-4ce2-4bdc1579a806" testName="test_first_compression_attempt_5" computerName="MW7O33T30CYID5" duration="00:00:00.0004562" startTime="2015-03-12T12:36:00.5565376+01:00" endTime="2015-03-12T12:36:00.5605380+01:00" testType="13cdc9d9-ddb5-4fa4-a97d-d965ccfc6d4b" outcome="Passed" testListId="8c84fa94-04c1-424b-9868-57a2d4851a1d" relativeResultsDirectory="716db120-bcbe-4730-abb7-3ae9e8bd7b2a">
    </UnitTestResult>
    <UnitTestResult executionId="f47b5475-c24f-493a-9141-52640e4c0f7d" testId="69fe3669-04d0-7adf-f2e7-27373def8b82" testName="load_test_file_4" computerName="MW7O33T30CYID5" duration="00:00:00.0007762" startTime="2015-03-12T12:36:00.5625382+01:00" endTime="2015-03-12T12:36:00.5655385+01:00" testType="13cdc9d9-ddb5-4fa4-a97d-d965ccfc6d4b" outcome="Passed" testListId="8c84fa94-04c1-424b-9868-57a2d4851a1d" relativeResultsDirectory="f47b5475-c24f-493a-9141-52640e4c0f7d">
    </UnitTestResult>
    <UnitTestResult executionId="ebbd19c0-f2ee-4846-9f7a-86ddae71c6bc" testId="76c8798c-727b-1125-03e0-7951b321da84" testName="test_first_compression_attempt_8" computerName="MW7O33T30CYID5" duration="00:00:00.0004015" startTime="2015-03-12T12:36:00.5675387+01:00" endTime="2015-03-12T12:36:00.5715391+01:00" testType="13cdc9d9-ddb5-4fa4-a97d-d965ccfc6d4b" outcome="Passed" testListId="8c84fa94-04c1-424b-9868-57a2d4851a1d" relativeResultsDirectory="ebbd19c0-f2ee-4846-9f7a-86ddae71c6bc">
    </UnitTestResult>
    <UnitTestResult executionId="458e4115-cc00-4dc9-80a0-2baab7d79393" testId="88996431-512a-c025-e559-d875f3cbc868" testName="load_test_file_3" computerName="MW7O33T30CYID5" duration="00:00:00.0098667" startTime="2015-03-12T12:36:00.5735393+01:00" endTime="2015-03-12T12:36:00.5865406+01:00" testType="13cdc9d9-ddb5-4fa4-a97d-d965ccfc6d4b" outcome="Passed" testListId="8c84fa94-04c1-424b-9868-57a2d4851a1d" relativeResultsDirectory="458e4115-cc00-4dc9-80a0-2baab7d79393">
    </UnitTestResult>
    <UnitTestResult executionId="8935e3e9-76ec-46d9-b56d-ec721019e09e" testId="922af538-3d37-8213-10f8-9db25ab442bb" testName="test_first_compression_attempt_1" computerName="MW7O33T30CYID5" duration="00:00:00.0004151" startTime="2015-03-12T12:36:00.5885408+01:00" endTime="2015-03-12T12:36:00.5915411+01:00" testType="13cdc9d9-ddb5-4fa4-a97d-d965ccfc6d4b" outcome="Passed" testListId="8c84fa94-04c1-424b-9868-57a2d4851a1d" relativeResultsDirectory="8935e3e9-76ec-46d9-b56d-ec721019e09e">
    </UnitTestResult>
    <UnitTestResult executionId="8fe90f95-280e-4c1e-ab4b-7e74bbd88846" testId="a54818e6-bb5d-ed2a-3c9f-cc608d99d87e" testName="test_first_compression_attempt_9" computerName="MW7O33T30CYID5" duration="00:00:00.0004276" startTime="2015-03-12T12:36:00.5945414+01:00" endTime="2015-03-12T12:36:00.5965416+01:00" testType="13cdc9d9-ddb5-4fa4-a97d-d965ccfc6d4b" outcome="Passed" testListId="8c84fa94-04c1-424b-9868-57a2d4851a1d" relativeResultsDirectory="8fe90f95-280e-4c1e-ab4b-7e74bbd88846">
    </UnitTestResult>
    <UnitTestResult executionId="db65fcbc-11b1-4438-aa7a-118d071a5f50" testId="b6fea724-3378-600e-cf2e-781a6f6a331b" testName="load_test_file_2" computerName="MW7O33T30CYID5" duration="00:00:00.0069555" startTime="2015-03-12T12:36:00.5995419+01:00" endTime="2015-03-12T12:36:00.6095429+01:00" testType="13cdc9d9-ddb5-4fa4-a97d-d965ccfc6d4b" outcome="Passed" testListId="8c84fa94-04c1-424b-9868-57a2d4851a1d" relativeResultsDirectory="db65fcbc-11b1-4438-aa7a-118d071a5f50">
    </UnitTestResult>
    <UnitTestResult executionId="a559db8c-2e7b-4990-b3da-e3c1b4717cb7" testId="c28d656b-9110-65f7-713f-4f8f29798f6d" testName="test_strings_length" computerName="MW7O33T30CYID5" duration="00:00:00.0011373" startTime="2015-03-12T12:36:00.6115431+01:00" endTime="2015-03-12T12:36:00.6145434+01:00" testType="13cdc9d9-ddb5-4fa4-a97d-d965ccfc6d4b" outcome="Passed" testListId="8c84fa94-04c1-424b-9868-57a2d4851a1d" relativeResultsDirectory="a559db8c-2e7b-4990-b3da-e3c1b4717cb7">
    </UnitTestResult>
    <UnitTestResult executionId="c6df9bf9-ad42-4446-b01c-fd0de6cc2cd5" testId="e12dbc16-d073-c1fd-969e-3d54726babcb" testName="load_test_file_1" computerName="MW7O33T30CYID5" duration="00:00:00.5629781" startTime="2015-03-12T12:36:00.6165436+01:00" endTime="2015-03-12T12:36:01.1816001+01:00" testType="13cdc9d9-ddb5-4fa4-a97d-d965ccfc6d4b" outcome="Passed" testListId="8c84fa94-04c1-424b-9868-57a2d4851a1d" relativeResultsDirectory="c6df9bf9-ad42-4446-b01c-fd0de6cc2cd5">
    </UnitTestResult>
    <UnitTestResult executionId="09596ef0-6845-4529-ac77-94b31fd0c348" testId="f64e556a-56f7-c473-1197-0b0e58cdc61a" testName="test_if_there_is_file_manager" computerName="MW7O33T30CYID5" duration="00:00:00.0002344" startTime="2015-03-12T12:36:01.2156035+01:00" endTime="2015-03-12T12:36:01.2326052+01:00" testType="13cdc9d9-ddb5-4fa4-a97d-d965ccfc6d4b" outcome="Passed" testListId="8c84fa94-04c1-424b-9868-57a2d4851a1d" relativeResultsDirectory="09596ef0-6845-4529-ac77-94b31fd0c348">
    </UnitTestResult>
    <UnitTestResult executionId="84b0ec2c-16e9-4b70-a611-719fbaf34b3c" testId="fc74dc1b-978c-0685-e750-c380564492c0" testName="test_first_compression_attempt_7" computerName="MW7O33T30CYID5" duration="00:00:00.0004164" startTime="2015-03-12T12:36:01.2366056+01:00" endTime="2015-03-12T12:36:01.2466066+01:00" testType="13cdc9d9-ddb5-4fa4-a97d-d965ccfc6d4b" outcome="Passed" testListId="8c84fa94-04c1-424b-9868-57a2d4851a1d" relativeResultsDirectory="84b0ec2c-16e9-4b70-a611-719fbaf34b3c">
    </UnitTestResult>
  </Results>
</TestRun>